// Jest Snapshot v1, https://goo.gl/fbAQLP

exports[`example::FullWidth Should match snapshoot 1`] = `
<div>
  <Example
    source="import TextField from 'material-toolbox/textfield/TextField';
import FormField from 'material-toolbox/form-field';

export default class FullWidth extends React.Component {
  state = {
    disabled: false,
    rtl: false,
    required: false,
    alternateColor: false,
  };

  handleChange = (evt) => {
    const { name } = evt.currentTarget;
    this.setState(state => ({
      [name]: !state[name],
    }));
  };

  render() {
    return (
      <div>
        <div dir={this.state.rtl ? 'rtl' : undefined}>
          <TextField
            label=\\"Subject\\"
            className={
              this.state.alternateColor
                ? 'demo-text-field-custom-colors demo-text-field-custom-error-colors'
                : undefined
            }
            disabled={this.state.disabled}
            required={this.state.required}
            aria-controls=\\"multiline1-helper-text\\"
            fullWidth
          />

          <br />

          <TextField
            label=\\"Textarea Label\\"
            className={
              this.state.alternateColor
                ? 'demo-text-field-custom-colors demo-text-field-custom-error-colors'
                : undefined
            }
            disabled={this.state.disabled}
            required={this.state.required}
            aria-controls=\\"full-width-helper-text\\"
            rows=\\"8\\"
            cols=\\"40\\"
            multiline
            fullWidth
          />
        </div>

        <div>
          <FormField label=\\"Disabled\\" htmlFor=\\"full-width-disabled\\">
            <input
              id=\\"full-width-disabled\\"
              type=\\"checkbox\\"
              name=\\"disabled\\"
              checked={this.state.disabled}
              onChange={this.handleChange}
            />
          </FormField>
        </div>

        <div>
          <FormField label=\\"RTL\\" htmlFor=\\"full-width-rtl\\">
            <input
              id=\\"full-width-rtl\\"
              type=\\"checkbox\\"
              name=\\"rtl\\"
              checked={this.state.rtl}
              onChange={this.handleChange}
            />
          </FormField>
        </div>

        <div>
          <FormField label=\\"Required\\" htmlFor=\\"full-width-required\\">
            <input
              id=\\"full-width-required\\"
              type=\\"checkbox\\"
              name=\\"required\\"
              checked={this.state.required}
              onChange={this.handleChange}
            />
          </FormField>
        </div>

        <div>
          <FormField label=\\"Alternate Colors\\" htmlFor=\\"full-width-alternate\\">
            <input
              id=\\"full-width-alternate\\"
              type=\\"checkbox\\"
              name=\\"alternateColor\\"
              checked={this.state.alternateColor}
              onChange={this.handleChange}
            />
          </FormField>
        </div>
      </div>
    );
  }
}
"
    title="Full-Width Text Field and Textarea"
  >
    <div>
      <TextField
        aria-controls="multiline1-helper-text"
        box={false}
        cssOnly={false}
        dense={false}
        disabled={false}
        fullWidth={true}
        invalid={false}
        label="Subject"
        multiline={false}
        outlined={false}
        persistentHelperText={false}
        required={false}
        validationHelperText={false}
      />
      <br />
      <TextField
        aria-controls="full-width-helper-text"
        box={false}
        cols="40"
        cssOnly={false}
        dense={false}
        disabled={false}
        fullWidth={true}
        invalid={false}
        label="Textarea Label"
        multiline={true}
        outlined={false}
        persistentHelperText={false}
        required={false}
        rows="8"
        validationHelperText={false}
      />
    </div>
    <div>
      <FormField
        alignEnd={false}
        cssOnly={false}
        htmlFor="full-width-disabled"
        label="Disabled"
      >
        <input
          checked={false}
          id="full-width-disabled"
          name="disabled"
          onChange={[Function]}
          type="checkbox"
        />
      </FormField>
    </div>
    <div>
      <FormField
        alignEnd={false}
        cssOnly={false}
        htmlFor="full-width-rtl"
        label="RTL"
      >
        <input
          checked={false}
          id="full-width-rtl"
          name="rtl"
          onChange={[Function]}
          type="checkbox"
        />
      </FormField>
    </div>
    <div>
      <FormField
        alignEnd={false}
        cssOnly={false}
        htmlFor="full-width-required"
        label="Required"
      >
        <input
          checked={false}
          id="full-width-required"
          name="required"
          onChange={[Function]}
          type="checkbox"
        />
      </FormField>
    </div>
    <div>
      <FormField
        alignEnd={false}
        cssOnly={false}
        htmlFor="full-width-alternate"
        label="Alternate Colors"
      >
        <input
          checked={false}
          id="full-width-alternate"
          name="alternateColor"
          onChange={[Function]}
          type="checkbox"
        />
      </FormField>
    </div>
  </Example>
</div>
`;
