// Jest Snapshot v1, https://goo.gl/fbAQLP

exports[`example::ValidationPassword Should match snapshoot 1`] = `
<div>
  <Example
    source="import TextField from 'material-toolbox/textfield/TextField';

export default class ValidationPassword extends React.Component {
  state = {
    hasError: false,
    password: '',
  };

  handleChange = (evt) => {
    const { value } = evt.currentTarget;
    this.setState({
      password: value,
      hasError: value.length < 8,
    });
  };

  render() {
    return (
      <TextField
        type=\\"password\\"
        label=\\"Choose password\\"
        value={this.state.password}
        invalid={this.state.hasError}
        onChange={this.handleChange}
        helperText=\\"Must be at least 8 characters long\\"
        validationHelperText={this.state.hasError}
        persistentHelperText
        required
      />
    );
  }
}
"
    title="Password field with validation"
  >
    <TextField
      box={false}
      cssOnly={false}
      dense={false}
      disabled={false}
      fullWidth={false}
      helperText="Must be at least 8 characters long"
      invalid={false}
      label="Choose password"
      multiline={false}
      onChange={[Function]}
      outlined={false}
      persistentHelperText={true}
      required={true}
      type="password"
      validationHelperText={false}
      value=""
    />
  </Example>
</div>
`;
